\! sqlplus -s system/manager@orcl @sql/datatype/init_ora.sql

Session altered.


Session altered.


Session altered.


Session altered.


Session altered.


Session altered.


Table truncated.


Table truncated.


Table truncated.


Table truncated.


Table truncated.


Table truncated.


Table truncated.


Table truncated.


Table truncated.


Table truncated.


Table truncated.


Table truncated.


Table truncated.


Table truncated.


Table truncated.


Table truncated.


Table truncated.


1 row created.


1 row created.


1 row created.


1 row created.


1 row created.


1 row created.


1 row created.


1 row created.


1 row created.


1 row created.


1 row created.


1 row created.


1 row created.


1 row created.


1 row created.


1 row created.


1 row created.


1 row created.


1 row created.


1 row created.


1 row created.


1 row created.


1 row created.


1 row created.


1 row created.


1 row created.


1 row created.


1 row created.


1 row created.


1 row created.


1 row created.


1 row created.


1 row created.


1 row created.


1 row created.


1 row created.


1 row created.


1 row created.


1 row created.


1 row created.


1 row created.


1 row created.


1 row created.


1 row created.


1 row created.


1 row created.


1 row created.


1 row created.


1 row created.


1 row created.


1 row created.


1 row created.


1 row created.


1 row created.


1 row created.


1 row created.


1 row created.


1 row created.


1 row created.


1 row created.


1 row created.


1 row created.


1 row created.


1 row created.


1 row created.


1 row created.


1 row created.


1 row created.


1 row created.


1 row created.


1 row created.


1 row created.


1 row created.


1 row created.


1 row created.


1 row created.


1 row created.


1 row created.


1 row created.


1 row created.


1 row created.


PL/SQL procedure successfully completed.


PL/SQL procedure successfully completed.


1 row created.


PL/SQL procedure successfully completed.


PL/SQL procedure successfully completed.


1 row created.


Grant succeeded.

