CREATE FOREIGN DATA WRAPPER postgres VALIDATOR dblink.postgres;
CREATE SERVER server_postgres6789012345678901234567890123456789012345678901234567890 FOREIGN DATA WRAPPER postgres OPTIONS (dbname 'contrib_regression');
NOTICE:  identifier "server_postgres6789012345678901234567890123456789012345678901234567890" will be truncated to "server_postgres678901234567890123456789012345678901234567890123"
CREATE USER MAPPING FOR CURRENT_USER SERVER server_postgres678901234567890123456789012345678901234567890123 OPTIONS (user 'postgres');
CREATE TABLE dblink_tbl (id integer, value text);
INSERT INTO dblink_tbl VALUES(1, 'X');
INSERT INTO dblink_tbl VALUES(2, 'BB');
INSERT INTO dblink_tbl VALUES(3, 'CCC');
INSERT INTO dblink_tbl VALUES(4, 'DDDD');
INSERT INTO dblink_tbl VALUES(5, NULL);
CREATE TABLE dblink_tmp (LIKE dblink_tbl);
CREATE FUNCTION dblink.cursor_test(cursor integer, howmany integer)
RETURNS SETOF dblink_tmp AS
$$
TRUNCATE dblink_tmp;
INSERT INTO dblink_tmp SELECT * FROM dblink.fetch($1, $2) AS t(id integer, value text);
INSERT INTO dblink_tmp SELECT * FROM dblink.fetch($1, $2) AS t(id integer, value text);
INSERT INTO dblink_tmp SELECT * FROM dblink.fetch($1, $2) AS t(id integer, value text);
SELECT dblink.close($1);
SELECT * FROM dblink_tmp;
$$
LANGUAGE sql;
-- dblink.connect()
SELECT name, srvname, status, keep FROM dblink.connections, pg_foreign_server WHERE server = oid;
 name | srvname | status | keep 
------+---------+--------+------
(0 rows)

SELECT dblink.connect('conn_postgres456789012345678901234567890123456789012345678901234567890', 'server_postgres6789012345678901234567890123456789012345678901234567890');
NOTICE:  identifier "conn_postgres456789012345678901234567890123456789012345678901234567890" will be truncated to "conn_postgres45678901234567890123456789012345678901234567890123"
 connect 
---------
 t
(1 row)

SELECT name, srvname, status, keep FROM dblink.connections, pg_foreign_server WHERE server = oid;
                              name                               |                             srvname                             | status | keep 
-----------------------------------------------------------------+-----------------------------------------------------------------+--------+------
 conn_postgres45678901234567890123456789012345678901234567890123 | server_postgres678901234567890123456789012345678901234567890123 | idle   | t
(1 row)

-- dblink.exec() with an existing connection
SELECT * FROM dblink_tbl ORDER BY id;
 id | value 
----+-------
  1 | X
  2 | BB
  3 | CCC
  4 | DDDD
  5 | 
(5 rows)

BEGIN;
SELECT dblink.exec('conn_postgres456789012345678901234567890123456789012345678901234567890', 'UPDATE dblink_tbl SET value = ''A'' WHERE id = 1');
 exec 
------
    1
(1 row)

SELECT name, srvname, status, keep FROM dblink.connections, pg_foreign_server WHERE server = oid;
                              name                               |                             srvname                             | status | keep 
-----------------------------------------------------------------+-----------------------------------------------------------------+--------+------
 conn_postgres45678901234567890123456789012345678901234567890123 | server_postgres678901234567890123456789012345678901234567890123 | used   | t
(1 row)

ROLLBACK;
SELECT * FROM dblink_tbl ORDER BY id;
 id | value 
----+-------
  1 | X
  2 | BB
  3 | CCC
  4 | DDDD
  5 | 
(5 rows)

BEGIN;
SELECT dblink.exec('conn_postgres456789012345678901234567890123456789012345678901234567890', 'UPDATE dblink_tbl SET value = ''A'' WHERE id = 1');
 exec 
------
    1
(1 row)

SELECT name, srvname, status, keep FROM dblink.connections, pg_foreign_server WHERE server = oid;
                              name                               |                             srvname                             | status | keep 
-----------------------------------------------------------------+-----------------------------------------------------------------+--------+------
 conn_postgres45678901234567890123456789012345678901234567890123 | server_postgres678901234567890123456789012345678901234567890123 | used   | t
(1 row)

COMMIT;
SELECT * FROM dblink_tbl ORDER BY id;
 id | value 
----+-------
  1 | A
  2 | BB
  3 | CCC
  4 | DDDD
  5 | 
(5 rows)

-- dblink.query() with an existing connection
BEGIN;
SELECT * FROM dblink.query('conn_postgres456789012345678901234567890123456789012345678901234567890', 'SELECT * FROM dblink_tbl ORDER BY id') AS t(id integer, value text) ORDER BY id;
 id | value 
----+-------
  1 | A
  2 | BB
  3 | CCC
  4 | DDDD
  5 | 
(5 rows)

SELECT name, srvname, status, keep FROM dblink.connections, pg_foreign_server WHERE server = oid;
                              name                               |                             srvname                             | status | keep 
-----------------------------------------------------------------+-----------------------------------------------------------------+--------+------
 conn_postgres45678901234567890123456789012345678901234567890123 | server_postgres678901234567890123456789012345678901234567890123 | used   | t
(1 row)

COMMIT;
-- dblink.open() with an existing connection
SELECT * FROM dblink.cursor_test(dblink.open('conn_postgres456789012345678901234567890123456789012345678901234567890', 'SELECT * FROM dblink_tbl ORDER BY id'), 100);
 id | value 
----+-------
  1 | A
  2 | BB
  3 | CCC
  4 | DDDD
  5 | 
(5 rows)

SELECT * FROM dblink.cursor_test(dblink.open('conn_postgres456789012345678901234567890123456789012345678901234567890', 'SELECT * FROM dblink_tbl ORDER BY id'), 2);
 id | value 
----+-------
  1 | A
  2 | BB
  3 | CCC
  4 | DDDD
  5 | 
(5 rows)

SELECT * FROM dblink.cursor_test(dblink.open('conn_postgres456789012345678901234567890123456789012345678901234567890', 'SELECT * FROM dblink_tbl ORDER BY id'), 1);
 id | value 
----+-------
  1 | A
  2 | BB
  3 | CCC
(3 rows)

-- dblink.disconnect()
SELECT name, srvname, status, keep FROM dblink.connections, pg_foreign_server WHERE server = oid;
                              name                               |                             srvname                             | status | keep 
-----------------------------------------------------------------+-----------------------------------------------------------------+--------+------
 conn_postgres45678901234567890123456789012345678901234567890123 | server_postgres678901234567890123456789012345678901234567890123 | idle   | t
(1 row)

SELECT dblink.disconnect('conn_postgres456789012345678901234567890123456789012345678901234567890');
 disconnect 
------------
 t
(1 row)

SELECT name, srvname, status, keep FROM dblink.connections, pg_foreign_server WHERE server = oid;
 name | srvname | status | keep 
------+---------+--------+------
(0 rows)

-- dblink.query() with an anonymous connection
BEGIN;
SELECT * FROM dblink.query('server_postgres6789012345678901234567890123456789012345678901234567890', 'SELECT * FROM dblink_tbl ORDER BY id') AS t(id integer, value text) ORDER BY id;
NOTICE:  identifier "server_postgres6789012345678901234567890123456789012345678901234567890" will be truncated to "server_postgres678901234567890123456789012345678901234567890123"
 id | value 
----+-------
  1 | A
  2 | BB
  3 | CCC
  4 | DDDD
  5 | 
(5 rows)

SELECT name, srvname, status, keep FROM dblink.connections, pg_foreign_server WHERE server = oid;
                              name                               |                             srvname                             | status | keep 
-----------------------------------------------------------------+-----------------------------------------------------------------+--------+------
 server_postgres678901234567890123456789012345678901234567890123 | server_postgres678901234567890123456789012345678901234567890123 | used   | f
(1 row)

COMMIT;
SELECT name, srvname, status, keep FROM dblink.connections, pg_foreign_server WHERE server = oid;
 name | srvname | status | keep 
------+---------+--------+------
(0 rows)

-- dblink.exec() with an anonymous connection
BEGIN;
SELECT dblink.exec('server_postgres6789012345678901234567890123456789012345678901234567890', 'UPDATE dblink_tbl SET value = value WHERE id < 3');
NOTICE:  identifier "server_postgres6789012345678901234567890123456789012345678901234567890" will be truncated to "server_postgres678901234567890123456789012345678901234567890123"
 exec 
------
    2
(1 row)

SELECT name, srvname, status, keep FROM dblink.connections, pg_foreign_server WHERE server = oid;
                              name                               |                             srvname                             | status | keep 
-----------------------------------------------------------------+-----------------------------------------------------------------+--------+------
 server_postgres678901234567890123456789012345678901234567890123 | server_postgres678901234567890123456789012345678901234567890123 | used   | f
(1 row)

COMMIT;
SELECT name, srvname, status, keep FROM dblink.connections, pg_foreign_server WHERE server = oid;
 name | srvname | status | keep 
------+---------+--------+------
(0 rows)

-- dblink.open() with an anonymous connection
SELECT * FROM dblink.cursor_test(dblink.open('server_postgres6789012345678901234567890123456789012345678901234567890', 'SELECT * FROM dblink_tbl ORDER BY id'), 100);
NOTICE:  identifier "server_postgres6789012345678901234567890123456789012345678901234567890" will be truncated to "server_postgres678901234567890123456789012345678901234567890123"
 id | value 
----+-------
  1 | A
  2 | BB
  3 | CCC
  4 | DDDD
  5 | 
(5 rows)

SELECT * FROM dblink.cursor_test(dblink.open('server_postgres6789012345678901234567890123456789012345678901234567890', 'SELECT * FROM dblink_tbl ORDER BY id'), 2);
NOTICE:  identifier "server_postgres6789012345678901234567890123456789012345678901234567890" will be truncated to "server_postgres678901234567890123456789012345678901234567890123"
 id | value 
----+-------
  1 | A
  2 | BB
  3 | CCC
  4 | DDDD
  5 | 
(5 rows)

SELECT * FROM dblink.cursor_test(dblink.open('server_postgres6789012345678901234567890123456789012345678901234567890', 'SELECT * FROM dblink_tbl ORDER BY id'), 1);
NOTICE:  identifier "server_postgres6789012345678901234567890123456789012345678901234567890" will be truncated to "server_postgres678901234567890123456789012345678901234567890123"
 id | value 
----+-------
  1 | A
  2 | BB
  3 | CCC
(3 rows)

SELECT name, srvname, status, keep FROM dblink.connections, pg_foreign_server WHERE server = oid;
 name | srvname | status | keep 
------+---------+--------+------
(0 rows)

-- dblink.query() with max_value_len option
SELECT * FROM dblink.query('server_postgres6789012345678901234567890123456789012345678901234567890', 'SELECT * FROM dblink_tbl ORDER BY id', 0, 1) AS t(id integer, value text) ORDER BY id;
NOTICE:  identifier "server_postgres6789012345678901234567890123456789012345678901234567890" will be truncated to "server_postgres678901234567890123456789012345678901234567890123"
 id | value 
----+-------
  1 | A
  2 | BB
  3 | CCC
  4 | DDDD
  5 | 
(5 rows)

-- dblink.open() with max_value_len option
SELECT * FROM dblink.cursor_test(dblink.open('server_postgres6789012345678901234567890123456789012345678901234567890', 'SELECT * FROM dblink_tbl ORDER BY id', 100, 1), 100);
NOTICE:  identifier "server_postgres6789012345678901234567890123456789012345678901234567890" will be truncated to "server_postgres678901234567890123456789012345678901234567890123"
 id | value 
----+-------
  1 | A
  2 | BB
  3 | CCC
  4 | DDDD
  5 | 
(5 rows)

-- connection without automatic transaction management
SELECT dblink.connect('conn_postgres456789012345678901234567890123456789012345678901234567890', 'server_postgres6789012345678901234567890123456789012345678901234567890', false);
NOTICE:  identifier "conn_postgres456789012345678901234567890123456789012345678901234567890" will be truncated to "conn_postgres45678901234567890123456789012345678901234567890123"
 connect 
---------
 t
(1 row)

SELECT dblink.exec('conn_postgres456789012345678901234567890123456789012345678901234567890', 'VACUUM dblink_tbl');
 exec 
------
    0
(1 row)

SELECT dblink.disconnect('conn_postgres456789012345678901234567890123456789012345678901234567890');
 disconnect 
------------
 t
(1 row)

create function dblink.f_test(num integer)
returns integer as
$$
  select $1 + 1000;
$$
language 'sql';
-- dblink.call() with an anonymous connection
SELECT * FROM dblink.call('server_postgres6789012345678901234567890123456789012345678901234567890', 'dblink.f_test(1)') AS t(a integer);
NOTICE:  identifier "server_postgres6789012345678901234567890123456789012345678901234567890" will be truncated to "server_postgres678901234567890123456789012345678901234567890123"
  a   
------
 1001
(1 row)

--  dblink.call() with max_value_len option
SELECT * FROM dblink.call('server_postgres6789012345678901234567890123456789012345678901234567890', 'dblink.f_test(1)', 0, 1) AS t(a integer);
NOTICE:  identifier "server_postgres6789012345678901234567890123456789012345678901234567890" will be truncated to "server_postgres678901234567890123456789012345678901234567890123"
  a   
------
 1001
(1 row)

