\! sqlplus -s system/manager@orcl @sql/fini_ora.sql

Session altered.


User dropped.


User dropped.


Directory dropped.

