\c contrib_regression_utf8
EXPLAIN SELECT id FROM number_numeric1 WHERE val = '1000000000000000000000000000000000000000000000000000000000000000000000000000000000000000000000000000000000000000000000000000000000000000000000000000000000000000';
                                                                                                                      QUERY PLAN                                                                                                                      
------------------------------------------------------------------------------------------------------------------------------------------------------------------------------------------------------------------------------------------------------
 Foreign Scan on number_numeric1  (cost=100.00..100.00 rows=1000 width=4)
   Remote SQL: SELECT "id", NULL FROM "oracle_fdw"."number_numeric1" WHERE ("val" = 1000000000000000000000000000000000000000000000000000000000000000000000000000000000000000000000000000000000000000000000000000000000000000000000000000000000000000)
(2 rows)

SELECT id FROM number_numeric1 WHERE val = '1000000000000000000000000000000000000000000000000000000000000000000000000000000000000000000000000000000000000000000000000000000000000000000000000000000000000000';
ERROR:  OCI_ERROR - ORA-01426: 数値オーバーフローが発生しました

EXPLAIN (COSTS FALSE) SELECT * FROM tstz9_tstz WHERE val < '2011-02-03 12:34:56.123457 Asia/Tokyo' AND val >= '2011-02-03 12:34:56.123456 Asia/Tokyo';
                                                                                                                                          QUERY PLAN                                                                                                                                           
-----------------------------------------------------------------------------------------------------------------------------------------------------------------------------------------------------------------------------------------------------------------------------------------------
 Foreign Scan on tstz9_tstz
   Remote SQL: SELECT "id", "val" FROM "oracle_fdw"."timestamptz_9" WHERE (("val" < TO_TIMESTAMP_TZ('2011-02-02 AD 19:34:56.123457 PST8PDT', 'YYYY-MM-DD BC HH24:MI:SS.FF6 TZR')) AND ("val" >= TO_TIMESTAMP_TZ('2011-02-02 AD 19:34:56.123456 PST8PDT', 'YYYY-MM-DD BC HH24:MI:SS.FF6 TZR')))
(2 rows)

SELECT * FROM tstz9_tstz WHERE val >= '2011-02-03 12:34:56.123456 Asia/Tokyo' AND val < '2011-02-03 12:34:56.123457 Asia/Tokyo';
 id | val 
----+-----
(0 rows)

SELECT * FROM tstz9_tstz WHERE val = '2011-02-03 12:34:56.123456 Asia/Tokyo';
 id | val 
----+-----
(0 rows)

SELECT * FROM tstz9_tstz WHERE val = '2011-02-03 12:34:56.123457 Asia/Tokyo';
 id | val 
----+-----
(0 rows)

\q
