\! sqlplus -s system/manager@orcl @sql/pushdown/init_ora.sql

Session altered.


Session altered.


Session altered.


Session altered.


Session altered.


Session altered.


Table truncated.


1 row created.


1 row created.


1 row created.


1 row created.


1 row created.


1 row created.


1 row created.


1 row created.


1 row created.


Table truncated.


1 row created.


1 row created.


1 row created.


1 row created.


1 row created.


1 row created.


1 row created.


1 row created.


1 row created.


Table truncated.


1 row created.


1 row created.


1 row created.


1 row created.


1 row created.


1 row created.


Table truncated.


1 row created.


1 row created.


1 row created.


1 row created.


1 row created.


1 row created.


Table truncated.


1 row created.


1 row created.


1 row created.


1 row created.


1 row created.


1 row created.


Table truncated.


1 row created.


1 row created.


1 row created.


1 row created.


1 row created.


1 row created.


Table truncated.


1 row created.


1 row created.


1 row created.


1 row created.


1 row created.


1 row created.


Table truncated.


1 row created.


1 row created.


1 row created.


1 row created.


1 row created.


1 row created.


Table truncated.


1 row created.


1 row created.


1 row created.


1 row created.


1 row created.


1 row created.


Table truncated.


1 row created.


1 row created.


1 row created.


1 row created.


1 row created.


1 row created.


Table truncated.


1 row created.


1 row created.


1 row created.


1 row created.


1 row created.


Table truncated.


1 row created.


1 row created.


1 row created.


1 row created.


1 row created.


Table truncated.


1 row created.


1 row created.


1 row created.


1 row created.


1 row created.


Table truncated.


1 row created.


1 row created.


1 row created.


1 row created.


1 row created.


Table truncated.


1 row created.


1 row created.


1 row created.


1 row created.


1 row created.


Table truncated.


1 row created.


1 row created.


1 row created.


1 row created.


1 row created.


Table truncated.


1 row created.


1 row created.


1 row created.


1 row created.


1 row created.


Table truncated.


1 row created.


1 row created.


1 row created.


1 row created.


1 row created.


Table truncated.


1 row created.


1 row created.


1 row created.


1 row created.


1 row created.


Table truncated.


1 row created.


1 row created.


1 row created.


1 row created.


1 row created.


1 row created.


1 row created.


1 row created.


1 row created.


1 row created.


1 row created.


Table truncated.


1 row created.


1 row created.


1 row created.


1 row created.


1 row created.


1 row created.


Table truncated.


1 row created.


1 row created.


1 row created.


1 row created.


1 row created.


1 row created.


Table truncated.


1 row created.


1 row created.


1 row created.


1 row created.


1 row created.


1 row created.


Table truncated.


1 row created.


1 row created.


1 row created.


1 row created.


1 row created.


1 row created.


Table truncated.


1 row created.


1 row created.


1 row created.


1 row created.


1 row created.


1 row created.


Table truncated.


1 row created.


1 row created.


1 row created.


1 row created.


1 row created.


1 row created.


Table truncated.


1 row created.


1 row created.


1 row created.


1 row created.


1 row created.


1 row created.


Table truncated.


1 row created.


1 row created.


1 row created.


1 row created.


1 row created.


1 row created.


Table truncated.


1 row created.


1 row created.


1 row created.


1 row created.


1 row created.


1 row created.


Table truncated.


1 row created.


1 row created.


1 row created.


Table truncated.


1 row created.


1 row created.


1 row created.


1 row created.


1 row created.


1 row created.


1 row created.


Table truncated.


1 row created.


1 row created.


1 row created.


1 row created.


1 row created.


1 row created.


1 row created.


Table truncated.


1 row created.


1 row created.


1 row created.


1 row created.


1 row created.


1 row created.


1 row created.


Table truncated.


1 row created.


1 row created.


1 row created.


1 row created.


1 row created.


1 row created.


1 row created.


1 row created.


1 row created.


1 row created.


1 row created.


1 row created.


1 row created.


1 row created.


1 row created.


1 row created.


1 row created.

